Droppable("y") Droppable("x")
Droppable("b.d.y") Droppable("b.d.x") Droppable("b.c.y") Droppable("b.c.x")
Droppable("r.d.y") Droppable("r.d.x") Droppable("r.c.y") Droppable("r.c.x")
Dropping r.d.x
Dropping r.d.y
Dropping r.c.x
Dropping r.c.y
Dropping b.c.x
Dropping b.c.y
Dropping b.d.x
Dropping b.d.y
Dropping x
Dropping y
